Mesh: spherical-polar x3-face theta correction = rotate

Root grid = 1 x 2 x 2 MeshBlocks
Total number of MeshBlocks = 4
Number of logical  levels of refinement = 1 (2 levels total)
Number of physical levels of refinement = 0 (1 levels total)
Number of parallel ranks = 2
  Rank = 0: 2 MeshBlocks, cost = 2
  Rank = 1: 2 MeshBlocks, cost = 2
Load Balancing:
  Maximum normalized cost = 1, Average = 1
<hydro>/tfloor_kelvin = 5000 K -> tfloor = 4.15723e+11 in code temperature (1.20272e-08 K per unit, general EOS)
General EOS: tabulated on 951 x 751 nodes (87 MB), log10 rho[cgs] in [-21, -2], log10 T[K] in [3.6, 6.6]
             X = 0.36, Y = 0.62, Z = 0.02, H2 off, ionization on, radiation off
             metal ionization off
             mu at the grid centre = 0.84729, n_e/n_tot = 0.565093
General EOS: tabulated on 951 x 751 nodes (87 MB), log10 rho[cgs] in [-21, -2], log10 T[K] in [3.6, 6.6]
             X = 0.36, Y = 0.62, Z = 0.02, H2 off, ionization on, radiation off
             metal ionization off
             mu at the grid centre = 0.84729, n_e/n_tot = 0.565093
Radial (x1) reconstruction on the spherical polar grid (<hydro>/reconstruct_x1) = plm
<rad_m1>/c_light = 2.99792e+10 [code] ; <units> implies 2.99792e+10 (c in code velocity), rel. diff 0
<rad_m1>/arad = 1.58312e-46 [code] ; <units> implies 1.58312e-46 (a_rad T_unit^4 / p_unit), rel. diff 1.51153e-09
<rad_m1>/temp_unit_kelvin = 1.20272e-08 [code] ; <units> implies 1.20272e-08 (K per code temperature), rel. diff 3.16964e-07
<rad_m1>/rho_unit_cgs = 1 [code] ; <units> implies 1 (g/cm^3 per code density), rel. diff 0
<rad_m1>/kappa_unit = 1 [code] ; <units> implies 1 (code opacity per cm^2/g), rel. diff 0
<rad_m1>/implicit_face_weight = distance (default)
<rad_m1>: transport=implicit (3-D) solver=bicgstab lin_tol=1e-10 lin_maxit=200
         implicit_cfl=-1 tol=1e-08 maxit=200 opac_update=true marshak_q=0.5
         implicit_flux=central implicit_recon=dc implicit_partition=none
         implicit_enthalpy=plm (deferred correction)
         implicit_bc_advect=true (Marshak x1 end carries A E)
         implicit_offdiag=operator (auto) closure_relax=1 closure_lag=step trans_limit=none
         implicit_accel=none
         implicit_gas_newton=true implicit_eos_cache=false
         x1 boundaries: min=1 max=0 (0 marshak, 1 flux, 2 reflect, 3 periodic) flux_min=7.2636e+13 flux_max=0
<rad_m1>: spherical-polar wedge (stage S2: chi(f) closure, radial integrating factor, lagged curvature, offdiag none; implicit with areas/volumes/face distances from Coordinates (stretched radial grid)
<rad_m1>: c=2.99792e+10 chat/c=1 cfl_rad=0.4 thick_flux=none ap_form=alpha2 recon=plm advect_split=false split_vel=recon source_form=full closure=vet_col subcycle=false
         kappa_p=0 kappa_e=0 kappa_f=0 kappa_s=0 coupling=true gas_feedback=true arad=1.58312e-46
         opacity=table force_reference=wb_arad temp_unit_kelvin=1.20272e-08 rho_unit_cgs=1
he_star_m1: opacity table '/viper/ptmp2/jinma/lbv_1008/agcar/tables/rosseland_tops_gs98_x0.36_z0.02.txt' extended from log10 rho -14 to -21 (140 columns, slope clamped to [0,1] in 63 of 217 T rows)
he_star_m1: opacity table '/viper/ptmp2/jinma/lbv_1008/agcar/tables/planck_tops_gs98_x0.36_z0.02.txt' extended from log10 rho -14 to -21 (140 columns, slope clamped to [0,1] in 9 of 217 T rows)
he_star_m1: IC column T(rho,eint)/T_col - 1: max 6.39488e-14 at r = 7.05631e+12 (he_ic_eint_from_t = true)
he_star_m1: column inside the tables: log10 rho -16 .. -5.12079, log10 T 4.30348 .. 5.96373
he_star_m1: he_ic_balance cells: max |T/T_col - 1| = 1.07898e-07 at r = 7.16143e+12
he_star_m1: he_ic_balance: max |rho/rho_col - 1| = 0.000534889 at r = 2.51601e+12, max face residual |PR/PL - 1| = 9.21485e-15, wall cells a_ref (module form), last change 2.2804e-13
he_star_m1: mlt_flux_frozen: max F_MLT/F on the faces = 0.758851 at r = 5.11615e+12; F_MLT at the bottom/top faces = 0 / 0
he_star_m1: mlt ramp start = 231200, time = 231200, w(t = 0) = 1, max L_MLT (unscaled) = 3.58053e+38
he_star_m1: GM = 7.29918e+27, F_in = 7.2636e+13, tau(r_in) = 770518, r_int (tau = 1) = 7.04193e+12, r_top = 2.11415e+13, sponge rate = 0.001 above r = 1.90274e+13
he_star_m1: seed 16 modes, amplitude 0.01 (temperature: eint and E), k in [2,4], signs random, kdist box, r 3.51328e+12 .. 6.88743e+12
  seed mode 0: k2 3 k3 4 a 0.307274
  seed mode 1: k2 -4 k3 -2 a 0.159861
  seed mode 2: k2 2 k3 2 a 0.0937057
  seed mode 3: k2 2 k3 -4 a 0.124124
  seed mode 4: k2 -3 k3 -2 a 0.192727
  seed mode 5: k2 -4 k3 4 a 0.440942
  seed mode 6: k2 3 k3 3 a 0.280912
  seed mode 7: k2 3 k3 3 a 0.292079
  seed mode 8: k2 2 k3 3 a 0.253977
  seed mode 9: k2 2 k3 -4 a 0.31955
  seed mode 10: k2 -4 k3 4 a 0.420415
  seed mode 11: k2 4 k3 -3 a 0.182711
  seed mode 12: k2 4 k3 -3 a 0.117956
  seed mode 13: k2 -2 k3 -2 a 0.206065
  seed mode 14: k2 -2 k3 -3 a 0.13136
  seed mode 15: k2 4 k3 3 a 0.0983059
<rad_m1> RSLA check: chat = c, no reduced speed of light (tau_max=1.64855e+06, measured v_max=0)

Setup complete, executing task list(s)...

elapsed=1.510962e+01 cycle=0 time=0.000000e+00 dt=2.418701e+02
<rad_m1> closure = vet_col: per-column 1-D formal solution, spherical p-rays (ncore 8, nsub 1, 489 rays, 480 shells), axis radial, rebuilt every 1 step(s); vet_col_order2 (quadratic mu, face core); f_K >= 0.000000e+00; 379 shell(s) kept trapezoid weights; team build, 1 shells per chunk, team size AUTO; outer Marshak q = H(face)/J(top cell) in [1.000000e-03, 1.000000e+00]
<rad_m1> vet_gd: exact per-shell lateral halo, band 57 cells (needed 57), per-shell depth mean 2.712708e+01
<rad_m1> vet_gd: global-direction SC closure on the sp wedge, product GL10x12 staggered (120 directions); z-rotation every 10 cycle(s) (0 = fixed), first angle 0.000000e+00; rank 0 wall ghost columns 34086, direction maps exact 1655280 of 4090320 (the rest: nearest direction)
<rad_m1> implicit_halo_mpi: ON, rank 0 has 1 neighbour ranks, 403200 cells sent per component
<rad_m1> NEWTON-FALLBACK cycle=0 time=0 (m,k,j,i)=(0,36,39,269) r=7.04417e+12 count=1
<rad_m1> NEWTON-FALLBACK cycle=0 time=0 (m,k,j,i)=(0,36,39,280) r=7.14333e+12 count=1
<rad_m1> NEWTON-FALLBACK cycle=0 time=0 (m,k,j,i)=(0,40,42,269) r=7.04417e+12 count=1
<rad_m1> NEWTON-FALLBACK cycle=0 time=0 (m,k,j,i)=(1,35,42,269) r=7.04417e+12 count=1
<rad_m1> NEWTON-FALLBACK cycle=0 time=0.000000e+00 (m,k,j,i)=(0,28,25,268) r=7.035206e+12 count=1.000000e+00
<rad_m1> NEWTON-FALLBACK cycle=0 time=0.000000e+00 (m,k,j,i)=(0,36,39,269) r=7.044172e+12 count=1.000000e+00
<rad_m1> NEWTON-FALLBACK cycle=0 time=0.000000e+00 (m,k,j,i)=(0,61,26,269) r=7.044172e+12 count=1.000000e+00
<rad_m1> NEWTON-FALLBACK cycle=0 time=0.000000e+00 (m,k,j,i)=(1,4,24,269) r=7.044172e+12 count=1.000000e+00
<rad_m1> NEWTON-FALLBACK cycle=1 time=241.87 (m,k,j,i)=(0,3,3,366) r=7.94591e+12 count=1
<rad_m1> NEWTON-FALLBACK cycle=1 time=241.87 (m,k,j,i)=(0,3,3,367) r=7.95957e+12 count=1
<rad_m1> NEWTON-FALLBACK cycle=1 time=241.87 (m,k,j,i)=(0,3,3,368) r=7.97364e+12 count=1
<rad_m1> NEWTON-FALLBACK cycle=1 time=241.87 (m,k,j,i)=(0,3,3,369) r=7.98813e+12 count=1
<rad_m1> NEWTON-FALLBACK cycle=1 time=241.87 (m,k,j,i)=(0,3,3,370) r=8.00307e+12 count=1
<rad_m1> NEWTON-FALLBACK cycle=1 time=241.87 (m,k,j,i)=(0,3,3,371) r=8.01847e+12 count=1
<rad_m1> NEWTON-FALLBACK cycle=1 time=241.87 (m,k,j,i)=(0,3,3,372) r=8.03436e+12 count=1
<rad_m1> NEWTON-FALLBACK cycle=1 time=241.87 (m,k,j,i)=(0,3,3,373) r=8.05077e+12 count=1
<rad_m1> NEWTON-FALLBACK cycle=1 time=2.418701e+02 (m,k,j,i)=(0,3,3,366) r=7.945909e+12 count=1.000000e+00
<rad_m1> NEWTON-FALLBACK cycle=1 time=2.418701e+02 (m,k,j,i)=(0,3,3,367) r=7.959574e+12 count=1.000000e+00
<rad_m1> NEWTON-FALLBACK cycle=1 time=2.418701e+02 (m,k,j,i)=(0,3,3,368) r=7.973641e+12 count=1.000000e+00
<rad_m1> NEWTON-FALLBACK cycle=1 time=2.418701e+02 (m,k,j,i)=(0,3,3,369) r=7.988131e+12 count=1.000000e+00
<rad_m1> NEWTON-FALLBACK cycle=1 time=2.418701e+02 (m,k,j,i)=(0,3,3,370) r=8.003067e+12 count=1.000000e+00
<rad_m1> NEWTON-FALLBACK cycle=1 time=2.418701e+02 (m,k,j,i)=(0,3,3,371) r=8.018470e+12 count=1.000000e+00
<rad_m1> NEWTON-FALLBACK cycle=1 time=2.418701e+02 (m,k,j,i)=(0,3,3,372) r=8.034363e+12 count=1.000000e+00
<rad_m1> NEWTON-FALLBACK cycle=1 time=2.418701e+02 (m,k,j,i)=(0,3,3,373) r=8.050768e+12 count=1.000000e+00
<rad_m1> NEWTON-FALLBACK cycle=2 time=483.74 (m,k,j,i)=(0,3,12,292) r=7.252e+12 count=1
<rad_m1> NEWTON-FALLBACK cycle=2 time=483.74 (m,k,j,i)=(0,3,13,296) r=7.28815e+12 count=1
<rad_m1> NEWTON-FALLBACK cycle=2 time=483.74 (m,k,j,i)=(0,3,32,308) r=7.39574e+12 count=1
<rad_m1> NEWTON-FALLBACK cycle=2 time=483.74 (m,k,j,i)=(0,3,32,317) r=7.47517e+12 count=1
<rad_m1> NEWTON-FALLBACK cycle=2 time=483.74 (m,k,j,i)=(0,3,32,318) r=7.48392e+12 count=1
<rad_m1> NEWTON-FALLBACK cycle=2 time=483.74 (m,k,j,i)=(0,3,60,291) r=7.24295e+12 count=1
<rad_m1> NEWTON-FALLBACK cycle=2 time=483.74 (m,k,j,i)=(0,3,61,299) r=7.31519e+12 count=1
<rad_m1> NEWTON-FALLBACK cycle=2 time=483.74 (m,k,j,i)=(0,4,6,295) r=7.27912e+12 count=1
<rad_m1> NEWTON-FALLBACK cycle=2 time=4.837402e+02 (m,k,j,i)=(0,3,14,297) r=7.297172e+12 count=1.000000e+00
<rad_m1> NEWTON-FALLBACK cycle=2 time=4.837402e+02 (m,k,j,i)=(0,3,14,298) r=7.306185e+12 count=1.000000e+00
<rad_m1> NEWTON-FALLBACK cycle=2 time=4.837402e+02 (m,k,j,i)=(0,3,32,319) r=7.492653e+12 count=1.000000e+00
<rad_m1> NEWTON-FALLBACK cycle=2 time=4.837402e+02 (m,k,j,i)=(0,3,59,286) r=7.197664e+12 count=1.000000e+00
<rad_m1> NEWTON-FALLBACK cycle=2 time=4.837402e+02 (m,k,j,i)=(0,3,59,287) r=7.206724e+12 count=1.000000e+00
<rad_m1> NEWTON-FALLBACK cycle=2 time=4.837402e+02 (m,k,j,i)=(0,3,60,296) r=7.288150e+12 count=1.000000e+00
<rad_m1> NEWTON-FALLBACK cycle=2 time=4.837402e+02 (m,k,j,i)=(0,3,61,300) r=7.324186e+12 count=1.000000e+00
<rad_m1> NEWTON-FALLBACK cycle=2 time=4.837402e+02 (m,k,j,i)=(0,3,61,301) r=7.333172e+12 count=1.000000e+00
<rad_m1> NEWTON-FALLBACK cycle=3 time=725.61 (m,k,j,i)=(0,3,21,428) r=1.0393e+13 count=1
<rad_m1> NEWTON-FALLBACK cycle=3 time=725.61 (m,k,j,i)=(0,11,65,428) r=1.0393e+13 count=1
<rad_m1> NEWTON-FALLBACK cycle=3 time=725.61 (m,k,j,i)=(0,13,64,448) r=1.26059e+13 count=1
<rad_m1> NEWTON-FALLBACK cycle=3 time=725.61 (m,k,j,i)=(0,14,9,431) r=1.06512e+13 count=1
<rad_m1> NEWTON-FALLBACK cycle=3 time=725.61 (m,k,j,i)=(0,20,17,428) r=1.0393e+13 count=1
<rad_m1> NEWTON-FALLBACK cycle=3 time=725.61 (m,k,j,i)=(0,22,7,431) r=1.06512e+13 count=1
<rad_m1> NEWTON-FALLBACK cycle=3 time=725.61 (m,k,j,i)=(0,26,23,428) r=1.0393e+13 count=1
<rad_m1> NEWTON-FALLBACK cycle=3 time=725.61 (m,k,j,i)=(0,28,33,428) r=1.0393e+13 count=1
<rad_m1> NEWTON-FALLBACK cycle=3 time=7.256100e+02 (m,k,j,i)=(0,11,65,428) r=1.039299e+13 count=1.000000e+00
<rad_m1> NEWTON-FALLBACK cycle=3 time=7.256100e+02 (m,k,j,i)=(0,14,9,431) r=1.065124e+13 count=1.000000e+00
<rad_m1> NEWTON-FALLBACK cycle=3 time=7.256100e+02 (m,k,j,i)=(0,16,39,466) r=1.602662e+13 count=1.000000e+00
<rad_m1> NEWTON-FALLBACK cycle=3 time=7.256100e+02 (m,k,j,i)=(0,22,7,431) r=1.065124e+13 count=1.000000e+00
<rad_m1> NEWTON-FALLBACK cycle=3 time=7.256100e+02 (m,k,j,i)=(0,26,21,463) r=1.532696e+13 count=1.000000e+00
<rad_m1> NEWTON-FALLBACK cycle=3 time=7.256100e+02 (m,k,j,i)=(0,26,23,428) r=1.039299e+13 count=1.000000e+00
<rad_m1> NEWTON-FALLBACK cycle=3 time=7.256100e+02 (m,k,j,i)=(0,28,33,428) r=1.039299e+13 count=1.000000e+00
<rad_m1> NEWTON-FALLBACK cycle=3 time=7.256100e+02 (m,k,j,i)=(0,29,45,458) r=1.428673e+13 count=1.000000e+00
<rad_m1> NEWTON-FALLBACK cycle=4 time=9.674797e+02 (m,k,j,i)=(1,13,47,413) r=9.374066e+12 count=1.000000e+00
<rad_m1> NEWTON-FALLBACK cycle=5 time=1209.35 (m,k,j,i)=(0,3,29,420) r=9.79906e+12 count=1
<rad_m1> NEWTON-FALLBACK cycle=5 time=1209.35 (m,k,j,i)=(0,14,38,377) r=8.12196e+12 count=1
<rad_m1> NEWTON-FALLBACK cycle=5 time=1209.35 (m,k,j,i)=(1,21,27,378) r=8.14127e+12 count=1
<rad_m1> NEWTON-FALLBACK cycle=5 time=1209.35 (m,k,j,i)=(1,41,21,383) r=8.24798e+12 count=1
<rad_m1> NEWTON-FALLBACK cycle=5 time=1209.35 (m,k,j,i)=(1,54,54,95) r=4.31309e+12 count=1
<rad_m1> NEWTON-FALLBACK cycle=6 time=1451.22 (m,k,j,i)=(0,10,20,443) r=1.19303e+13 count=1
<rad_m1> NEWTON-FALLBACK cycle=6 time=1451.22 (m,k,j,i)=(0,12,58,442) r=1.18064e+13 count=1
<rad_m1> NEWTON-FALLBACK cycle=6 time=1451.22 (m,k,j,i)=(0,15,56,451) r=1.30604e+13 count=1
<rad_m1> NEWTON-FALLBACK cycle=6 time=1451.22 (m,k,j,i)=(0,16,16,454) r=1.35559e+13 count=1
<rad_m1> NEWTON-FALLBACK cycle=6 time=1451.22 (m,k,j,i)=(0,16,49,419) r=9.7334e+12 count=1
<rad_m1> NEWTON-FALLBACK cycle=6 time=1451.22 (m,k,j,i)=(0,16,59,450) r=1.29045e+13 count=1
<rad_m1> NEWTON-FALLBACK cycle=6 time=1451.22 (m,k,j,i)=(0,20,6,458) r=1.42867e+13 count=1
<rad_m1> NEWTON-FALLBACK cycle=6 time=1451.22 (m,k,j,i)=(0,22,38,452) r=1.32208e+13 count=1
<rad_m1> NEWTON-FALLBACK cycle=6 time=1.451219e+03 (m,k,j,i)=(0,6,44,386) r=8.320929e+12 count=1.000000e+00
<rad_m1> NEWTON-FALLBACK cycle=6 time=1.451219e+03 (m,k,j,i)=(0,6,58,298) r=7.306185e+12 count=1.000000e+00
<rad_m1> NEWTON-FALLBACK cycle=6 time=1.451219e+03 (m,k,j,i)=(0,7,46,447) r=1.246296e+13 count=1.000000e+00
<rad_m1> NEWTON-FALLBACK cycle=6 time=1.451219e+03 (m,k,j,i)=(0,7,53,380) r=8.181854e+12 count=1.000000e+00
<rad_m1> NEWTON-FALLBACK cycle=6 time=1.451219e+03 (m,k,j,i)=(0,10,5,443) r=1.193029e+13 count=1.000000e+00
<rad_m1> NEWTON-FALLBACK cycle=6 time=1.451219e+03 (m,k,j,i)=(0,10,5,450) r=1.290454e+13 count=1.000000e+00
<rad_m1> NEWTON-FALLBACK cycle=6 time=1.451219e+03 (m,k,j,i)=(0,12,24,448) r=1.260595e+13 count=1.000000e+00
<rad_m1> NEWTON-FALLBACK cycle=6 time=1.451219e+03 (m,k,j,i)=(0,16,36,380) r=8.181854e+12 count=1.000000e+00
<rad_m1> NEWTON-FALLBACK cycle=7 time=1693.09 (m,k,j,i)=(0,3,9,293) r=7.26105e+12 count=1
<rad_m1> NEWTON-FALLBACK cycle=7 time=1693.09 (m,k,j,i)=(0,3,9,307) r=7.38684e+12 count=1
<rad_m1> NEWTON-FALLBACK cycle=7 time=1693.09 (m,k,j,i)=(0,3,19,308) r=7.39574e+12 count=1
<rad_m1> NEWTON-FALLBACK cycle=7 time=1693.09 (m,k,j,i)=(0,3,31,311) r=7.42236e+12 count=1
<rad_m1> NEWTON-FALLBACK cycle=7 time=1693.09 (m,k,j,i)=(0,3,38,301) r=7.33317e+12 count=1
<rad_m1> NEWTON-FALLBACK cycle=7 time=1693.09 (m,k,j,i)=(0,3,38,369) r=7.98813e+12 count=1
<rad_m1> NEWTON-FALLBACK cycle=7 time=1693.09 (m,k,j,i)=(0,3,56,406) r=9.02112e+12 count=1
<rad_m1> NEWTON-FALLBACK cycle=7 time=1693.09 (m,k,j,i)=(0,3,57,288) r=7.21578e+12 count=1
<rad_m1> NEWTON-FALLBACK cycle=7 time=1.693089e+03 (m,k,j,i)=(0,3,16,316) r=7.466407e+12 count=1.000000e+00
<rad_m1> NEWTON-FALLBACK cycle=7 time=1.693089e+03 (m,k,j,i)=(0,3,20,426) r=1.023224e+13 count=1.000000e+00
<rad_m1> NEWTON-FALLBACK cycle=7 time=1.693089e+03 (m,k,j,i)=(0,3,21,349) r=7.757025e+12 count=1.000000e+00
<rad_m1> NEWTON-FALLBACK cycle=7 time=1.693089e+03 (m,k,j,i)=(0,3,31,349) r=7.757025e+12 count=1.000000e+00
<rad_m1> NEWTON-FALLBACK cycle=7 time=1.693089e+03 (m,k,j,i)=(0,3,55,406) r=9.021120e+12 count=1.000000e+00
<rad_m1> NEWTON-FALLBACK cycle=7 time=1.693089e+03 (m,k,j,i)=(0,3,64,323) r=7.527453e+12 count=1.000000e+00
<rad_m1> NEWTON-FALLBACK cycle=7 time=1.693089e+03 (m,k,j,i)=(0,4,15,477) r=1.916899e+13 count=1.000000e+00
<rad_m1> NEWTON-FALLBACK cycle=7 time=1.693089e+03 (m,k,j,i)=(0,4,21,414) r=9.430059e+12 count=1.000000e+00
<rad_m1> NEWTON-FALLBACK cycle=8 time=1934.96 (m,k,j,i)=(0,3,9,335) r=7.63126e+12 count=1
<rad_m1> NEWTON-FALLBACK cycle=8 time=1934.96 (m,k,j,i)=(0,3,15,374) r=8.06771e+12 count=1
<rad_m1> NEWTON-FALLBACK cycle=8 time=1934.96 (m,k,j,i)=(0,3,22,427) r=1.03115e+13 count=1
<rad_m1> NEWTON-FALLBACK cycle=8 time=1934.96 (m,k,j,i)=(0,3,53,406) r=9.02112e+12 count=1
<rad_m1> NEWTON-FALLBACK cycle=8 time=1934.96 (m,k,j,i)=(0,3,54,320) r=7.50137e+12 count=1
<rad_m1> NEWTON-FALLBACK cycle=8 time=1934.96 (m,k,j,i)=(0,3,54,406) r=9.02112e+12 count=1
<rad_m1> NEWTON-FALLBACK cycle=8 time=1934.96 (m,k,j,i)=(0,3,56,328) r=7.57072e+12 count=1
<rad_m1> NEWTON-FALLBACK cycle=8 time=1934.96 (m,k,j,i)=(0,3,64,328) r=7.57072e+12 count=1
<rad_m1> NEWTON-FALLBACK cycle=8 time=1.934959e+03 (m,k,j,i)=(0,3,9,343) r=7.701702e+12 count=1.000000e+00
<rad_m1> NEWTON-FALLBACK cycle=8 time=1.934959e+03 (m,k,j,i)=(0,3,10,303) r=7.351111e+12 count=1.000000e+00
<rad_m1> NEWTON-FALLBACK cycle=8 time=1.934959e+03 (m,k,j,i)=(0,3,10,371) r=8.018470e+12 count=1.000000e+00
<rad_m1> NEWTON-FALLBACK cycle=8 time=1.934959e+03 (m,k,j,i)=(0,3,10,372) r=8.034363e+12 count=1.000000e+00
<rad_m1> NEWTON-FALLBACK cycle=8 time=1.934959e+03 (m,k,j,i)=(0,3,12,366) r=7.945909e+12 count=1.000000e+00
<rad_m1> NEWTON-FALLBACK cycle=8 time=1.934959e+03 (m,k,j,i)=(0,3,13,366) r=7.945909e+12 count=1.000000e+00
<rad_m1> NEWTON-FALLBACK cycle=8 time=1.934959e+03 (m,k,j,i)=(0,3,13,369) r=7.988131e+12 count=1.000000e+00
<rad_m1> NEWTON-FALLBACK cycle=8 time=1.934959e+03 (m,k,j,i)=(0,3,38,408) r=9.115332e+12 count=1.000000e+00
<rad_m1> NEWTON-FALLBACK cycle=9 time=2176.83 (m,k,j,i)=(0,3,5,438) r=1.13444e+13 count=1
<rad_m1> NEWTON-FALLBACK cycle=9 time=2176.83 (m,k,j,i)=(0,3,7,306) r=7.37793e+12 count=1
<rad_m1> NEWTON-FALLBACK cycle=9 time=2176.83 (m,k,j,i)=(0,3,9,443) r=1.19303e+13 count=1
<rad_m1> NEWTON-FALLBACK cycle=9 time=2176.83 (m,k,j,i)=(0,3,12,342) r=7.69275e+12 count=1
<rad_m1> NEWTON-FALLBACK cycle=9 time=2176.83 (m,k,j,i)=(0,3,12,355) r=7.81654e+12 count=1
<rad_m1> NEWTON-FALLBACK cycle=9 time=2176.83 (m,k,j,i)=(0,3,17,330) r=7.588e+12 count=1
<rad_m1> NEWTON-FALLBACK cycle=9 time=2176.83 (m,k,j,i)=(0,3,17,366) r=7.94591e+12 count=1
<rad_m1> NEWTON-FALLBACK cycle=9 time=2176.83 (m,k,j,i)=(0,3,28,288) r=7.21578e+12 count=1
<rad_m1> NEWTON-FALLBACK cycle=9 time=2.176829e+03 (m,k,j,i)=(0,3,3,318) r=7.483919e+12 count=1.000000e+00
<rad_m1> NEWTON-FALLBACK cycle=9 time=2.176829e+03 (m,k,j,i)=(0,3,5,370) r=8.003067e+12 count=1.000000e+00
<rad_m1> NEWTON-FALLBACK cycle=9 time=2.176829e+03 (m,k,j,i)=(0,3,9,336) r=7.639954e+12 count=1.000000e+00
<rad_m1> NEWTON-FALLBACK cycle=9 time=2.176829e+03 (m,k,j,i)=(0,3,12,355) r=7.816543e+12 count=1.000000e+00
<rad_m1> NEWTON-FALLBACK cycle=9 time=2.176829e+03 (m,k,j,i)=(0,3,15,342) r=7.692746e+12 count=1.000000e+00
<rad_m1> NEWTON-FALLBACK cycle=9 time=2.176829e+03 (m,k,j,i)=(0,3,17,330) r=7.587996e+12 count=1.000000e+00
<rad_m1> NEWTON-FALLBACK cycle=9 time=2.176829e+03 (m,k,j,i)=(0,3,17,371) r=8.018470e+12 count=1.000000e+00
<rad_m1> NEWTON-FALLBACK cycle=9 time=2.176829e+03 (m,k,j,i)=(0,3,17,427) r=1.031152e+13 count=1.000000e+00

Terminating on cycle limit
time=2.418699e+03 cycle=10
tlim=4.624000e+05 nlim=10

MeshBlock-cycles = 40
cpu time used  = 2.358111e+01
zone-cycles/cpu_second = 3.335008e+06
particle-updates/cpu_second = 0.000000e+00
<rad_m1> closure = vet_col: 1.000000e+01 tensor builds (0.000000e+00 skipped), 3.836419e-03 s (rank 0, fenced), 3.836419e-01 ms per build
<rad_m1> vet_col_lat: 1.000000e+01 sweeps (incl. the first build's 3 inflow iterations), 6.455900e+00 s (rank 0, fenced), 6.455900e+02 ms per sweep; lateral reads clamped to the ghost band (rank 0, all sweeps): 0.000000e+00
<rad_m1> vet_gd: rank 0 fenced seconds: source 1.643240e-01, sweeps 6.271760e+00 (of which per-shell halo+walls 6.247629e+00, of which MPI wait 4.738676e-01), tables (rotation) 0.000000e+00, uniform twin 0.000000e+00, moments 1.929691e-02; in-solve rebuilds 0.000000e+00 (0.000000e+00 s)
<rad_m1> vet_gd halo (rank 0): exchanges 4.930000e+03, bytes sent 1.790508e+10 (3.631862e+06 per exchange), post 2.093923e-02 s, partners 1; band-clamped lateral reads (ALL ranks, all sweeps) 0.000000e+00
<rad_m1> implicit energy solve: cells=0.000000e+00 iterations mean=0.000000e+00 max=0.000000e+00 FAILURES=0.000000e+00 (no bracket: 0.000000e+00)
<rad_m1> implicit transport: solves=1.000000e+01 Picard iterations mean=6.900000e+00 max=2.400000e+01 NON-CONVERGED=0.000000e+00
<rad_m1> implicit_gas_newton_switch=10 (min pass 20): solves switched to the root find=0.000000e+00
<rad_m1> implicit_opac_newton_guard=5.000000e-01: Newton face terms dropped (all ranks, all passes)=0.000000e+00 per solve=0.000000e+00
<rad_m1> m1-positivity: implicit_g0_exchange=1 implicit_g0_limit=1.000000e+00 clipped cell-passes=2.816744e+07 | implicit_pos_gas=1 (frac 1.000000e-03) cell-solves=0.000000e+00 energy moved rad->gas=0.000000e+00 | E floor raises cell-solves=0.000000e+00 energy from gas=0.000000e+00 energy created=0.000000e+00 (code units x volume) | |F| > c E scaled back cell-solves=1.715166e+07 sum(|F|/(cE) - 1)=1.306346e+07
<rad_m1> implicit transverse (bicgstab): final 7-point linear residual mean=1.180921e-08 max=4.366265e-08 tol=1.000000e-10
<rad_m1> bicgstab: outer passes=6.900000e+01 linear solves=6.900000e+01 inner iterations mean=4.533333e+01 max=1.480000e+02 total=3.128000e+03
<rad_m1> bicgstab: breakdowns=4.000000e+01 line_jacobi fallbacks=1.100000e+01 global reductions=9.580000e+03 (3.062660e+00 per inner iteration)
<rad_m1> gas coupling: newton=true eos_cache=false cell-passes=5.426381e+08 newton fallbacks=1.075587e+06 (1.982144e-03 per cell-pass)
<rad_m1> offdiag=none closure_relax=1.000000e+00 closure_lag=step positivity fallbacks=0.000000e+00 min E from the solve=1.902079e+01
<rad_m1> floor clips (all ranks, every solve incl. BE): solved E <= e_floor cell-solves=0.000000e+00 written-back gas eint <= 0 cell-solves=0.000000e+00
